2026-02-03 09:00:44,102:WARNING:
'cuml' is a soft dependency and not included in the pycaret installation. Please run: `pip install cuml` to install.
2026-02-03 09:00:44,102:WARNING:
'cuml' is a soft dependency and not included in the pycaret installation. Please run: `pip install cuml` to install.
2026-02-03 09:00:44,102:WARNING:
'cuml' is a soft dependency and not included in the pycaret installation. Please run: `pip install cuml` to install.
2026-02-03 09:00:44,102:WARNING:
'cuml' is a soft dependency and not included in the pycaret installation. Please run: `pip install cuml` to install.
2026-02-03 09:00:47,266:INFO:Initializing load_model()
2026-02-03 09:00:47,267:INFO:load_model(model_name=insurance_charges_model, platform=None, authentication=None, verbose=True)
2026-02-03 09:00:47,309:WARNING:C:\Users\HP\Desktop\Blossom_Academy\.virtual_env\Lib\site-packages\sklearn\base.py:376: InconsistentVersionWarning: Trying to unpickle estimator SimpleImputer from version 1.2.2 when using version 1.4.2. This might lead to breaking code or invalid results. Use at your own risk. For more info please refer to:
https://scikit-learn.org/stable/model_persistence.html#security-maintainability-limitations
  warnings.warn(

2026-02-03 09:09:37,597:WARNING:
'cuml' is a soft dependency and not included in the pycaret installation. Please run: `pip install cuml` to install.
2026-02-03 09:09:37,728:WARNING:
'cuml' is a soft dependency and not included in the pycaret installation. Please run: `pip install cuml` to install.
2026-02-03 09:09:37,728:WARNING:
'cuml' is a soft dependency and not included in the pycaret installation. Please run: `pip install cuml` to install.
2026-02-03 09:09:37,728:WARNING:
'cuml' is a soft dependency and not included in the pycaret installation. Please run: `pip install cuml` to install.
2026-02-03 09:09:39,559:INFO:Initializing load_model()
2026-02-03 09:09:39,559:INFO:load_model(model_name=insurance_charges_model, platform=None, authentication=None, verbose=True)
2026-02-03 09:09:39,566:WARNING:C:\Users\HP\Desktop\Blossom_Academy\.virtual_env\Lib\site-packages\sklearn\base.py:376: InconsistentVersionWarning: Trying to unpickle estimator SimpleImputer from version 1.2.2 when using version 1.4.2. This might lead to breaking code or invalid results. Use at your own risk. For more info please refer to:
https://scikit-learn.org/stable/model_persistence.html#security-maintainability-limitations
  warnings.warn(

2026-02-03 10:05:25,256:WARNING:
'cuml' is a soft dependency and not included in the pycaret installation. Please run: `pip install cuml` to install.
2026-02-03 10:05:25,257:WARNING:
'cuml' is a soft dependency and not included in the pycaret installation. Please run: `pip install cuml` to install.
2026-02-03 10:05:25,257:WARNING:
'cuml' is a soft dependency and not included in the pycaret installation. Please run: `pip install cuml` to install.
2026-02-03 10:05:25,257:WARNING:
'cuml' is a soft dependency and not included in the pycaret installation. Please run: `pip install cuml` to install.
2026-02-03 10:05:49,699:WARNING:
'cuml' is a soft dependency and not included in the pycaret installation. Please run: `pip install cuml` to install.
2026-02-03 10:05:49,700:WARNING:
'cuml' is a soft dependency and not included in the pycaret installation. Please run: `pip install cuml` to install.
2026-02-03 10:05:49,700:WARNING:
'cuml' is a soft dependency and not included in the pycaret installation. Please run: `pip install cuml` to install.
2026-02-03 10:05:49,700:WARNING:
'cuml' is a soft dependency and not included in the pycaret installation. Please run: `pip install cuml` to install.
2026-02-03 10:09:01,416:WARNING:
'cuml' is a soft dependency and not included in the pycaret installation. Please run: `pip install cuml` to install.
2026-02-03 10:09:01,416:WARNING:
'cuml' is a soft dependency and not included in the pycaret installation. Please run: `pip install cuml` to install.
2026-02-03 10:09:01,416:WARNING:
'cuml' is a soft dependency and not included in the pycaret installation. Please run: `pip install cuml` to install.
2026-02-03 10:09:01,416:WARNING:
'cuml' is a soft dependency and not included in the pycaret installation. Please run: `pip install cuml` to install.
2026-02-03 10:09:19,513:WARNING:
'cuml' is a soft dependency and not included in the pycaret installation. Please run: `pip install cuml` to install.
2026-02-03 10:09:19,513:WARNING:
'cuml' is a soft dependency and not included in the pycaret installation. Please run: `pip install cuml` to install.
2026-02-03 10:09:19,513:WARNING:
'cuml' is a soft dependency and not included in the pycaret installation. Please run: `pip install cuml` to install.
2026-02-03 10:09:19,513:WARNING:
'cuml' is a soft dependency and not included in the pycaret installation. Please run: `pip install cuml` to install.
2026-02-03 10:09:19,725:INFO:Initializing load_model()
2026-02-03 10:09:19,726:INFO:load_model(model_name=insurance_charges_model, platform=None, authentication=None, verbose=True)
2026-02-03 10:09:19,926:WARNING:C:\Users\HP\Desktop\Blossom_Academy\venv_pycaret\lib\site-packages\_distutils_hack\__init__.py:30: UserWarning: Setuptools is replacing distutils. Support for replacing an already imported distutils is deprecated. In the future, this condition will fail. Register concerns at https://github.com/pypa/setuptools/issues/new?template=distutils-deprecation.yml
  warnings.warn(

2026-02-03 10:09:23,241:WARNING:C:\Users\HP\Desktop\Blossom_Academy\venv_pycaret\lib\site-packages\pycaret\internal\pipeline.py:135: UserWarning: Version mismatch:
current: {'deps_info': {'pip': '26.0', 'setuptools': '80.10.2', 'pycaret': '3.0.4', 'IPython': '8.38.0', 'ipywidgets': '8.1.8', 'tqdm': '4.67.2', 'numpy': '1.23.5', 'pandas': '1.5.3', 'jinja2': '3.1.6', 'scipy': '1.9.3', 'joblib': '1.2.0', 'sklearn': '1.2.2', 'pyod': '2.0.6', 'imblearn': '0.12.4', 'category_encoders': '2.7.0', 'lightgbm': '4.6.0', 'numba': '0.63.1', 'requests': '2.32.5', 'matplotlib': '3.10.8', 'scikitplot': '0.3.7', 'yellowbrick': '1.5', 'plotly': '6.5.2', 'plotly-resampler': 'Not installed', 'kaleido': '1.2.0', 'schemdraw': '0.15', 'statsmodels': '0.14.6', 'sktime': '0.40.1', 'tbats': '1.1.3', 'pmdarima': '2.1.1', 'psutil': '7.2.2', 'markupsafe': '3.0.3', 'pickle5': 'Not installed', 'cloudpickle': '3.1.2', 'deprecation': '2.1.0', 'xxhash': '3.6.0', 'wurlitzer': 'Not installed'}, 'python': {'version': '3.10.0', 'machine': 'AMD64'}}
pickle: {'deps_info': {'pip': '25.3', 'setuptools': '80.9.0', 'pycaret': '3.0.4', 'IPython': '8.18.1', 'ipywidgets': '8.1.8', 'tqdm': '4.67.1', 'numpy': '1.23.5', 'pandas': '1.5.3', 'jinja2': '3.1.6', 'scipy': '1.9.3', 'joblib': '1.2.0', 'sklearn': '1.2.2', 'pyod': '2.0.6', 'imblearn': '0.12.4', 'category_encoders': '2.6.4', 'lightgbm': '4.6.0', 'numba': '0.60.0', 'requests': '2.32.5', 'matplotlib': '3.9.4', 'scikitplot': '0.3.7', 'yellowbrick': '1.5', 'plotly': '6.5.2', 'plotly-resampler': 'Not installed', 'kaleido': '1.2.0', 'schemdraw': '0.15', 'statsmodels': '0.14.6', 'sktime': '0.38.5', 'tbats': '1.1.3', 'pmdarima': '2.0.4', 'psutil': '7.2.1', 'markupsafe': '2.1.5', 'pickle5': 'Not installed', 'cloudpickle': '3.1.2', 'deprecation': '2.1.0', 'xxhash': '3.6.0', 'wurlitzer': 'Not installed'}, 'python': {'version': '3.9.25', 'machine': 'AMD64'}}
  warnings.warn(

2026-02-03 10:09:37,589:INFO:Initializing load_model()
2026-02-03 10:09:37,589:INFO:load_model(model_name=insurance_charges_model, platform=None, authentication=None, verbose=True)
2026-02-03 10:09:37,613:WARNING:C:\Users\HP\Desktop\Blossom_Academy\venv_pycaret\lib\site-packages\pycaret\internal\pipeline.py:135: UserWarning: Version mismatch:
current: {'deps_info': {'pip': '26.0', 'setuptools': '80.10.2', 'pycaret': '3.0.4', 'IPython': '8.38.0', 'ipywidgets': '8.1.8', 'tqdm': '4.67.2', 'numpy': '1.23.5', 'pandas': '1.5.3', 'jinja2': '3.1.6', 'scipy': '1.9.3', 'joblib': '1.2.0', 'sklearn': '1.2.2', 'pyod': '2.0.6', 'imblearn': '0.12.4', 'category_encoders': '2.7.0', 'lightgbm': '4.6.0', 'numba': '0.63.1', 'requests': '2.32.5', 'matplotlib': '3.10.8', 'scikitplot': '0.3.7', 'yellowbrick': '1.5', 'plotly': '6.5.2', 'plotly-resampler': 'Not installed', 'kaleido': '1.2.0', 'schemdraw': '0.15', 'statsmodels': '0.14.6', 'sktime': '0.40.1', 'tbats': '1.1.3', 'pmdarima': '2.1.1', 'psutil': '7.2.2', 'markupsafe': '3.0.3', 'pickle5': 'Not installed', 'cloudpickle': '3.1.2', 'deprecation': '2.1.0', 'xxhash': '3.6.0', 'wurlitzer': 'Not installed'}, 'python': {'version': '3.10.0', 'machine': 'AMD64'}}
pickle: {'deps_info': {'pip': '25.3', 'setuptools': '80.9.0', 'pycaret': '3.0.4', 'IPython': '8.18.1', 'ipywidgets': '8.1.8', 'tqdm': '4.67.1', 'numpy': '1.23.5', 'pandas': '1.5.3', 'jinja2': '3.1.6', 'scipy': '1.9.3', 'joblib': '1.2.0', 'sklearn': '1.2.2', 'pyod': '2.0.6', 'imblearn': '0.12.4', 'category_encoders': '2.6.4', 'lightgbm': '4.6.0', 'numba': '0.60.0', 'requests': '2.32.5', 'matplotlib': '3.9.4', 'scikitplot': '0.3.7', 'yellowbrick': '1.5', 'plotly': '6.5.2', 'plotly-resampler': 'Not installed', 'kaleido': '1.2.0', 'schemdraw': '0.15', 'statsmodels': '0.14.6', 'sktime': '0.38.5', 'tbats': '1.1.3', 'pmdarima': '2.0.4', 'psutil': '7.2.1', 'markupsafe': '2.1.5', 'pickle5': 'Not installed', 'cloudpickle': '3.1.2', 'deprecation': '2.1.0', 'xxhash': '3.6.0', 'wurlitzer': 'Not installed'}, 'python': {'version': '3.9.25', 'machine': 'AMD64'}}
  warnings.warn(

2026-02-03 10:09:40,215:INFO:Initializing load_model()
2026-02-03 10:09:40,216:INFO:load_model(model_name=insurance_charges_model, platform=None, authentication=None, verbose=True)
2026-02-03 10:09:40,231:WARNING:C:\Users\HP\Desktop\Blossom_Academy\venv_pycaret\lib\site-packages\pycaret\internal\pipeline.py:135: UserWarning: Version mismatch:
current: {'deps_info': {'pip': '26.0', 'setuptools': '80.10.2', 'pycaret': '3.0.4', 'IPython': '8.38.0', 'ipywidgets': '8.1.8', 'tqdm': '4.67.2', 'numpy': '1.23.5', 'pandas': '1.5.3', 'jinja2': '3.1.6', 'scipy': '1.9.3', 'joblib': '1.2.0', 'sklearn': '1.2.2', 'pyod': '2.0.6', 'imblearn': '0.12.4', 'category_encoders': '2.7.0', 'lightgbm': '4.6.0', 'numba': '0.63.1', 'requests': '2.32.5', 'matplotlib': '3.10.8', 'scikitplot': '0.3.7', 'yellowbrick': '1.5', 'plotly': '6.5.2', 'plotly-resampler': 'Not installed', 'kaleido': '1.2.0', 'schemdraw': '0.15', 'statsmodels': '0.14.6', 'sktime': '0.40.1', 'tbats': '1.1.3', 'pmdarima': '2.1.1', 'psutil': '7.2.2', 'markupsafe': '3.0.3', 'pickle5': 'Not installed', 'cloudpickle': '3.1.2', 'deprecation': '2.1.0', 'xxhash': '3.6.0', 'wurlitzer': 'Not installed'}, 'python': {'version': '3.10.0', 'machine': 'AMD64'}}
pickle: {'deps_info': {'pip': '25.3', 'setuptools': '80.9.0', 'pycaret': '3.0.4', 'IPython': '8.18.1', 'ipywidgets': '8.1.8', 'tqdm': '4.67.1', 'numpy': '1.23.5', 'pandas': '1.5.3', 'jinja2': '3.1.6', 'scipy': '1.9.3', 'joblib': '1.2.0', 'sklearn': '1.2.2', 'pyod': '2.0.6', 'imblearn': '0.12.4', 'category_encoders': '2.6.4', 'lightgbm': '4.6.0', 'numba': '0.60.0', 'requests': '2.32.5', 'matplotlib': '3.9.4', 'scikitplot': '0.3.7', 'yellowbrick': '1.5', 'plotly': '6.5.2', 'plotly-resampler': 'Not installed', 'kaleido': '1.2.0', 'schemdraw': '0.15', 'statsmodels': '0.14.6', 'sktime': '0.38.5', 'tbats': '1.1.3', 'pmdarima': '2.0.4', 'psutil': '7.2.1', 'markupsafe': '2.1.5', 'pickle5': 'Not installed', 'cloudpickle': '3.1.2', 'deprecation': '2.1.0', 'xxhash': '3.6.0', 'wurlitzer': 'Not installed'}, 'python': {'version': '3.9.25', 'machine': 'AMD64'}}
  warnings.warn(

2026-02-03 10:09:40,483:INFO:Initializing predict_model()
2026-02-03 10:09:40,483:INFO:predict_model(self=<pycaret.regression.oop.RegressionExperiment object at 0x000002852D245300>, estimator=Pipeline(memory=FastMemory(location=C:\Users\ndahi\AppData\Local\Temp\joblib),
         steps=[('numerical_imputer',
                 TransformerWrapper(include=['age', 'bmi', 'bloodpressure',
                                             'children'],
                                    transformer=SimpleImputer())),
                ('categorical_imputer',
                 TransformerWrapper(include=['gender', 'diabetic', 'smoker',
                                             'region'],
                                    transformer=SimpleImputer(strategy='most_frequent'))),
                ('...
                                                                         'data_type': dtype('O'),
                                                                         'mapping': No     0
Yes    1
NaN   -1
dtype: int64},
                                                                        {'col': 'smoker',
                                                                         'data_type': dtype('O'),
                                                                         'mapping': No     0
Yes    1
NaN   -1
dtype: int64}]))),
                ('onehot_encoding',
                 TransformerWrapper(include=['region'],
                                    transformer=OneHotEncoder(cols=['region'],
                                                              handle_missing='return_nan',
                                                              use_cat_names=True))),
                ('actual_estimator',
                 GradientBoostingRegressor(random_state=123))]), probability_threshold=None, encoded_labels=False, raw_score=False, round=4, verbose=True, ml_usecase=None, preprocess=True, encode_labels=<function _SupervisedExperiment.predict_model.<locals>.encode_labels at 0x000002852D15BE20>)
2026-02-03 10:09:40,484:INFO:Checking exceptions
2026-02-03 10:09:40,484:INFO:Preloading libraries
2026-02-03 10:09:40,586:INFO:Set up data.
2026-02-03 10:09:40,595:INFO:Set up index.
2026-02-03 10:10:53,319:WARNING:
'cuml' is a soft dependency and not included in the pycaret installation. Please run: `pip install cuml` to install.
2026-02-03 10:10:53,319:WARNING:
'cuml' is a soft dependency and not included in the pycaret installation. Please run: `pip install cuml` to install.
2026-02-03 10:10:53,319:WARNING:
'cuml' is a soft dependency and not included in the pycaret installation. Please run: `pip install cuml` to install.
2026-02-03 10:10:53,319:WARNING:
'cuml' is a soft dependency and not included in the pycaret installation. Please run: `pip install cuml` to install.
2026-02-03 10:10:54,131:INFO:Initializing load_model()
2026-02-03 10:10:54,131:INFO:load_model(model_name=insurance_charges_model, platform=None, authentication=None, verbose=True)
2026-02-03 10:10:54,146:WARNING:C:\Users\HP\Desktop\Blossom_Academy\venv_pycaret\lib\site-packages\_distutils_hack\__init__.py:30: UserWarning: Setuptools is replacing distutils. Support for replacing an already imported distutils is deprecated. In the future, this condition will fail. Register concerns at https://github.com/pypa/setuptools/issues/new?template=distutils-deprecation.yml
  warnings.warn(

2026-02-03 10:10:54,594:WARNING:C:\Users\HP\Desktop\Blossom_Academy\venv_pycaret\lib\site-packages\pycaret\internal\pipeline.py:135: UserWarning: Version mismatch:
current: {'deps_info': {'pip': '26.0', 'setuptools': '80.10.2', 'pycaret': '3.0.4', 'IPython': '8.38.0', 'ipywidgets': '8.1.8', 'tqdm': '4.67.2', 'numpy': '1.23.5', 'pandas': '1.5.3', 'jinja2': '3.1.6', 'scipy': '1.9.3', 'joblib': '1.2.0', 'sklearn': '1.2.2', 'pyod': '2.0.6', 'imblearn': '0.12.4', 'category_encoders': '2.7.0', 'lightgbm': '4.6.0', 'numba': '0.63.1', 'requests': '2.32.5', 'matplotlib': '3.10.8', 'scikitplot': '0.3.7', 'yellowbrick': '1.5', 'plotly': '6.5.2', 'plotly-resampler': 'Not installed', 'kaleido': '1.2.0', 'schemdraw': '0.15', 'statsmodels': '0.14.6', 'sktime': '0.40.1', 'tbats': '1.1.3', 'pmdarima': '2.1.1', 'psutil': '7.2.2', 'markupsafe': '3.0.3', 'pickle5': 'Not installed', 'cloudpickle': '3.1.2', 'deprecation': '2.1.0', 'xxhash': '3.6.0', 'wurlitzer': 'Not installed'}, 'python': {'version': '3.10.0', 'machine': 'AMD64'}}
pickle: {'deps_info': {'pip': '25.3', 'setuptools': '80.9.0', 'pycaret': '3.0.4', 'IPython': '8.18.1', 'ipywidgets': '8.1.8', 'tqdm': '4.67.1', 'numpy': '1.23.5', 'pandas': '1.5.3', 'jinja2': '3.1.6', 'scipy': '1.9.3', 'joblib': '1.2.0', 'sklearn': '1.2.2', 'pyod': '2.0.6', 'imblearn': '0.12.4', 'category_encoders': '2.6.4', 'lightgbm': '4.6.0', 'numba': '0.60.0', 'requests': '2.32.5', 'matplotlib': '3.9.4', 'scikitplot': '0.3.7', 'yellowbrick': '1.5', 'plotly': '6.5.2', 'plotly-resampler': 'Not installed', 'kaleido': '1.2.0', 'schemdraw': '0.15', 'statsmodels': '0.14.6', 'sktime': '0.38.5', 'tbats': '1.1.3', 'pmdarima': '2.0.4', 'psutil': '7.2.1', 'markupsafe': '2.1.5', 'pickle5': 'Not installed', 'cloudpickle': '3.1.2', 'deprecation': '2.1.0', 'xxhash': '3.6.0', 'wurlitzer': 'Not installed'}, 'python': {'version': '3.9.25', 'machine': 'AMD64'}}
  warnings.warn(

2026-02-03 10:10:59,742:INFO:Initializing load_model()
2026-02-03 10:10:59,742:INFO:load_model(model_name=insurance_charges_model, platform=None, authentication=None, verbose=True)
2026-02-03 10:10:59,762:WARNING:C:\Users\HP\Desktop\Blossom_Academy\venv_pycaret\lib\site-packages\pycaret\internal\pipeline.py:135: UserWarning: Version mismatch:
current: {'deps_info': {'pip': '26.0', 'setuptools': '80.10.2', 'pycaret': '3.0.4', 'IPython': '8.38.0', 'ipywidgets': '8.1.8', 'tqdm': '4.67.2', 'numpy': '1.23.5', 'pandas': '1.5.3', 'jinja2': '3.1.6', 'scipy': '1.9.3', 'joblib': '1.2.0', 'sklearn': '1.2.2', 'pyod': '2.0.6', 'imblearn': '0.12.4', 'category_encoders': '2.7.0', 'lightgbm': '4.6.0', 'numba': '0.63.1', 'requests': '2.32.5', 'matplotlib': '3.10.8', 'scikitplot': '0.3.7', 'yellowbrick': '1.5', 'plotly': '6.5.2', 'plotly-resampler': 'Not installed', 'kaleido': '1.2.0', 'schemdraw': '0.15', 'statsmodels': '0.14.6', 'sktime': '0.40.1', 'tbats': '1.1.3', 'pmdarima': '2.1.1', 'psutil': '7.2.2', 'markupsafe': '3.0.3', 'pickle5': 'Not installed', 'cloudpickle': '3.1.2', 'deprecation': '2.1.0', 'xxhash': '3.6.0', 'wurlitzer': 'Not installed'}, 'python': {'version': '3.10.0', 'machine': 'AMD64'}}
pickle: {'deps_info': {'pip': '25.3', 'setuptools': '80.9.0', 'pycaret': '3.0.4', 'IPython': '8.18.1', 'ipywidgets': '8.1.8', 'tqdm': '4.67.1', 'numpy': '1.23.5', 'pandas': '1.5.3', 'jinja2': '3.1.6', 'scipy': '1.9.3', 'joblib': '1.2.0', 'sklearn': '1.2.2', 'pyod': '2.0.6', 'imblearn': '0.12.4', 'category_encoders': '2.6.4', 'lightgbm': '4.6.0', 'numba': '0.60.0', 'requests': '2.32.5', 'matplotlib': '3.9.4', 'scikitplot': '0.3.7', 'yellowbrick': '1.5', 'plotly': '6.5.2', 'plotly-resampler': 'Not installed', 'kaleido': '1.2.0', 'schemdraw': '0.15', 'statsmodels': '0.14.6', 'sktime': '0.38.5', 'tbats': '1.1.3', 'pmdarima': '2.0.4', 'psutil': '7.2.1', 'markupsafe': '2.1.5', 'pickle5': 'Not installed', 'cloudpickle': '3.1.2', 'deprecation': '2.1.0', 'xxhash': '3.6.0', 'wurlitzer': 'Not installed'}, 'python': {'version': '3.9.25', 'machine': 'AMD64'}}
  warnings.warn(

2026-02-03 10:11:01,429:INFO:Initializing load_model()
2026-02-03 10:11:01,429:INFO:load_model(model_name=insurance_charges_model, platform=None, authentication=None, verbose=True)
2026-02-03 10:11:01,443:WARNING:C:\Users\HP\Desktop\Blossom_Academy\venv_pycaret\lib\site-packages\pycaret\internal\pipeline.py:135: UserWarning: Version mismatch:
current: {'deps_info': {'pip': '26.0', 'setuptools': '80.10.2', 'pycaret': '3.0.4', 'IPython': '8.38.0', 'ipywidgets': '8.1.8', 'tqdm': '4.67.2', 'numpy': '1.23.5', 'pandas': '1.5.3', 'jinja2': '3.1.6', 'scipy': '1.9.3', 'joblib': '1.2.0', 'sklearn': '1.2.2', 'pyod': '2.0.6', 'imblearn': '0.12.4', 'category_encoders': '2.7.0', 'lightgbm': '4.6.0', 'numba': '0.63.1', 'requests': '2.32.5', 'matplotlib': '3.10.8', 'scikitplot': '0.3.7', 'yellowbrick': '1.5', 'plotly': '6.5.2', 'plotly-resampler': 'Not installed', 'kaleido': '1.2.0', 'schemdraw': '0.15', 'statsmodels': '0.14.6', 'sktime': '0.40.1', 'tbats': '1.1.3', 'pmdarima': '2.1.1', 'psutil': '7.2.2', 'markupsafe': '3.0.3', 'pickle5': 'Not installed', 'cloudpickle': '3.1.2', 'deprecation': '2.1.0', 'xxhash': '3.6.0', 'wurlitzer': 'Not installed'}, 'python': {'version': '3.10.0', 'machine': 'AMD64'}}
pickle: {'deps_info': {'pip': '25.3', 'setuptools': '80.9.0', 'pycaret': '3.0.4', 'IPython': '8.18.1', 'ipywidgets': '8.1.8', 'tqdm': '4.67.1', 'numpy': '1.23.5', 'pandas': '1.5.3', 'jinja2': '3.1.6', 'scipy': '1.9.3', 'joblib': '1.2.0', 'sklearn': '1.2.2', 'pyod': '2.0.6', 'imblearn': '0.12.4', 'category_encoders': '2.6.4', 'lightgbm': '4.6.0', 'numba': '0.60.0', 'requests': '2.32.5', 'matplotlib': '3.9.4', 'scikitplot': '0.3.7', 'yellowbrick': '1.5', 'plotly': '6.5.2', 'plotly-resampler': 'Not installed', 'kaleido': '1.2.0', 'schemdraw': '0.15', 'statsmodels': '0.14.6', 'sktime': '0.38.5', 'tbats': '1.1.3', 'pmdarima': '2.0.4', 'psutil': '7.2.1', 'markupsafe': '2.1.5', 'pickle5': 'Not installed', 'cloudpickle': '3.1.2', 'deprecation': '2.1.0', 'xxhash': '3.6.0', 'wurlitzer': 'Not installed'}, 'python': {'version': '3.9.25', 'machine': 'AMD64'}}
  warnings.warn(

2026-02-03 10:11:02,946:INFO:Initializing load_model()
2026-02-03 10:11:02,946:INFO:load_model(model_name=insurance_charges_model, platform=None, authentication=None, verbose=True)
2026-02-03 10:11:02,967:WARNING:C:\Users\HP\Desktop\Blossom_Academy\venv_pycaret\lib\site-packages\pycaret\internal\pipeline.py:135: UserWarning: Version mismatch:
current: {'deps_info': {'pip': '26.0', 'setuptools': '80.10.2', 'pycaret': '3.0.4', 'IPython': '8.38.0', 'ipywidgets': '8.1.8', 'tqdm': '4.67.2', 'numpy': '1.23.5', 'pandas': '1.5.3', 'jinja2': '3.1.6', 'scipy': '1.9.3', 'joblib': '1.2.0', 'sklearn': '1.2.2', 'pyod': '2.0.6', 'imblearn': '0.12.4', 'category_encoders': '2.7.0', 'lightgbm': '4.6.0', 'numba': '0.63.1', 'requests': '2.32.5', 'matplotlib': '3.10.8', 'scikitplot': '0.3.7', 'yellowbrick': '1.5', 'plotly': '6.5.2', 'plotly-resampler': 'Not installed', 'kaleido': '1.2.0', 'schemdraw': '0.15', 'statsmodels': '0.14.6', 'sktime': '0.40.1', 'tbats': '1.1.3', 'pmdarima': '2.1.1', 'psutil': '7.2.2', 'markupsafe': '3.0.3', 'pickle5': 'Not installed', 'cloudpickle': '3.1.2', 'deprecation': '2.1.0', 'xxhash': '3.6.0', 'wurlitzer': 'Not installed'}, 'python': {'version': '3.10.0', 'machine': 'AMD64'}}
pickle: {'deps_info': {'pip': '25.3', 'setuptools': '80.9.0', 'pycaret': '3.0.4', 'IPython': '8.18.1', 'ipywidgets': '8.1.8', 'tqdm': '4.67.1', 'numpy': '1.23.5', 'pandas': '1.5.3', 'jinja2': '3.1.6', 'scipy': '1.9.3', 'joblib': '1.2.0', 'sklearn': '1.2.2', 'pyod': '2.0.6', 'imblearn': '0.12.4', 'category_encoders': '2.6.4', 'lightgbm': '4.6.0', 'numba': '0.60.0', 'requests': '2.32.5', 'matplotlib': '3.9.4', 'scikitplot': '0.3.7', 'yellowbrick': '1.5', 'plotly': '6.5.2', 'plotly-resampler': 'Not installed', 'kaleido': '1.2.0', 'schemdraw': '0.15', 'statsmodels': '0.14.6', 'sktime': '0.38.5', 'tbats': '1.1.3', 'pmdarima': '2.0.4', 'psutil': '7.2.1', 'markupsafe': '2.1.5', 'pickle5': 'Not installed', 'cloudpickle': '3.1.2', 'deprecation': '2.1.0', 'xxhash': '3.6.0', 'wurlitzer': 'Not installed'}, 'python': {'version': '3.9.25', 'machine': 'AMD64'}}
  warnings.warn(

2026-02-03 10:11:04,823:INFO:Initializing load_model()
2026-02-03 10:11:04,824:INFO:load_model(model_name=insurance_charges_model, platform=None, authentication=None, verbose=True)
2026-02-03 10:11:04,846:WARNING:C:\Users\HP\Desktop\Blossom_Academy\venv_pycaret\lib\site-packages\pycaret\internal\pipeline.py:135: UserWarning: Version mismatch:
current: {'deps_info': {'pip': '26.0', 'setuptools': '80.10.2', 'pycaret': '3.0.4', 'IPython': '8.38.0', 'ipywidgets': '8.1.8', 'tqdm': '4.67.2', 'numpy': '1.23.5', 'pandas': '1.5.3', 'jinja2': '3.1.6', 'scipy': '1.9.3', 'joblib': '1.2.0', 'sklearn': '1.2.2', 'pyod': '2.0.6', 'imblearn': '0.12.4', 'category_encoders': '2.7.0', 'lightgbm': '4.6.0', 'numba': '0.63.1', 'requests': '2.32.5', 'matplotlib': '3.10.8', 'scikitplot': '0.3.7', 'yellowbrick': '1.5', 'plotly': '6.5.2', 'plotly-resampler': 'Not installed', 'kaleido': '1.2.0', 'schemdraw': '0.15', 'statsmodels': '0.14.6', 'sktime': '0.40.1', 'tbats': '1.1.3', 'pmdarima': '2.1.1', 'psutil': '7.2.2', 'markupsafe': '3.0.3', 'pickle5': 'Not installed', 'cloudpickle': '3.1.2', 'deprecation': '2.1.0', 'xxhash': '3.6.0', 'wurlitzer': 'Not installed'}, 'python': {'version': '3.10.0', 'machine': 'AMD64'}}
pickle: {'deps_info': {'pip': '25.3', 'setuptools': '80.9.0', 'pycaret': '3.0.4', 'IPython': '8.18.1', 'ipywidgets': '8.1.8', 'tqdm': '4.67.1', 'numpy': '1.23.5', 'pandas': '1.5.3', 'jinja2': '3.1.6', 'scipy': '1.9.3', 'joblib': '1.2.0', 'sklearn': '1.2.2', 'pyod': '2.0.6', 'imblearn': '0.12.4', 'category_encoders': '2.6.4', 'lightgbm': '4.6.0', 'numba': '0.60.0', 'requests': '2.32.5', 'matplotlib': '3.9.4', 'scikitplot': '0.3.7', 'yellowbrick': '1.5', 'plotly': '6.5.2', 'plotly-resampler': 'Not installed', 'kaleido': '1.2.0', 'schemdraw': '0.15', 'statsmodels': '0.14.6', 'sktime': '0.38.5', 'tbats': '1.1.3', 'pmdarima': '2.0.4', 'psutil': '7.2.1', 'markupsafe': '2.1.5', 'pickle5': 'Not installed', 'cloudpickle': '3.1.2', 'deprecation': '2.1.0', 'xxhash': '3.6.0', 'wurlitzer': 'Not installed'}, 'python': {'version': '3.9.25', 'machine': 'AMD64'}}
  warnings.warn(

2026-02-03 10:11:09,827:INFO:Initializing load_model()
2026-02-03 10:11:09,827:INFO:load_model(model_name=insurance_charges_model, platform=None, authentication=None, verbose=True)
2026-02-03 10:11:09,844:WARNING:C:\Users\HP\Desktop\Blossom_Academy\venv_pycaret\lib\site-packages\pycaret\internal\pipeline.py:135: UserWarning: Version mismatch:
current: {'deps_info': {'pip': '26.0', 'setuptools': '80.10.2', 'pycaret': '3.0.4', 'IPython': '8.38.0', 'ipywidgets': '8.1.8', 'tqdm': '4.67.2', 'numpy': '1.23.5', 'pandas': '1.5.3', 'jinja2': '3.1.6', 'scipy': '1.9.3', 'joblib': '1.2.0', 'sklearn': '1.2.2', 'pyod': '2.0.6', 'imblearn': '0.12.4', 'category_encoders': '2.7.0', 'lightgbm': '4.6.0', 'numba': '0.63.1', 'requests': '2.32.5', 'matplotlib': '3.10.8', 'scikitplot': '0.3.7', 'yellowbrick': '1.5', 'plotly': '6.5.2', 'plotly-resampler': 'Not installed', 'kaleido': '1.2.0', 'schemdraw': '0.15', 'statsmodels': '0.14.6', 'sktime': '0.40.1', 'tbats': '1.1.3', 'pmdarima': '2.1.1', 'psutil': '7.2.2', 'markupsafe': '3.0.3', 'pickle5': 'Not installed', 'cloudpickle': '3.1.2', 'deprecation': '2.1.0', 'xxhash': '3.6.0', 'wurlitzer': 'Not installed'}, 'python': {'version': '3.10.0', 'machine': 'AMD64'}}
pickle: {'deps_info': {'pip': '25.3', 'setuptools': '80.9.0', 'pycaret': '3.0.4', 'IPython': '8.18.1', 'ipywidgets': '8.1.8', 'tqdm': '4.67.1', 'numpy': '1.23.5', 'pandas': '1.5.3', 'jinja2': '3.1.6', 'scipy': '1.9.3', 'joblib': '1.2.0', 'sklearn': '1.2.2', 'pyod': '2.0.6', 'imblearn': '0.12.4', 'category_encoders': '2.6.4', 'lightgbm': '4.6.0', 'numba': '0.60.0', 'requests': '2.32.5', 'matplotlib': '3.9.4', 'scikitplot': '0.3.7', 'yellowbrick': '1.5', 'plotly': '6.5.2', 'plotly-resampler': 'Not installed', 'kaleido': '1.2.0', 'schemdraw': '0.15', 'statsmodels': '0.14.6', 'sktime': '0.38.5', 'tbats': '1.1.3', 'pmdarima': '2.0.4', 'psutil': '7.2.1', 'markupsafe': '2.1.5', 'pickle5': 'Not installed', 'cloudpickle': '3.1.2', 'deprecation': '2.1.0', 'xxhash': '3.6.0', 'wurlitzer': 'Not installed'}, 'python': {'version': '3.9.25', 'machine': 'AMD64'}}
  warnings.warn(

2026-02-03 10:11:10,022:INFO:Initializing predict_model()
2026-02-03 10:11:10,022:INFO:predict_model(self=<pycaret.regression.oop.RegressionExperiment object at 0x000001FB60124B50>, estimator=Pipeline(memory=FastMemory(location=C:\Users\ndahi\AppData\Local\Temp\joblib),
         steps=[('numerical_imputer',
                 TransformerWrapper(include=['age', 'bmi', 'bloodpressure',
                                             'children'],
                                    transformer=SimpleImputer())),
                ('categorical_imputer',
                 TransformerWrapper(include=['gender', 'diabetic', 'smoker',
                                             'region'],
                                    transformer=SimpleImputer(strategy='most_frequent'))),
                ('...
                                                                         'data_type': dtype('O'),
                                                                         'mapping': No     0
Yes    1
NaN   -1
dtype: int64},
                                                                        {'col': 'smoker',
                                                                         'data_type': dtype('O'),
                                                                         'mapping': No     0
Yes    1
NaN   -1
dtype: int64}]))),
                ('onehot_encoding',
                 TransformerWrapper(include=['region'],
                                    transformer=OneHotEncoder(cols=['region'],
                                                              handle_missing='return_nan',
                                                              use_cat_names=True))),
                ('actual_estimator',
                 GradientBoostingRegressor(random_state=123))]), probability_threshold=None, encoded_labels=False, raw_score=False, round=4, verbose=True, ml_usecase=None, preprocess=True, encode_labels=<function _SupervisedExperiment.predict_model.<locals>.encode_labels at 0x000001FB619BFEB0>)
2026-02-03 10:11:10,022:INFO:Checking exceptions
2026-02-03 10:11:10,022:INFO:Preloading libraries
2026-02-03 10:11:10,023:INFO:Set up data.
2026-02-03 10:11:10,029:INFO:Set up index.
